Microchip MPLAB XC8 Compiler V2.05 ()

Linker command line:

-W-3 --edf=C:\Program Files (x86)\Microchip\xc8\v2.05\pic\dat\en_msgs.txt \
  -cs -h+dist/default/production\EX24.X.production.sym \
  --cmf=dist/default/production\EX24.X.production.cmf -z -Q18F4520 \
  -oC:\Users\Sandrini\AppData\Local\Temp\s1d4.2 --defsym=__MPLAB_BUILD=1 \
  -Mdist/default/production/EX24.X.production.map -E1 -ver=XC8 --acfsm=1493 \
  -ASTACK=018Ch-05FFh -pstack=STACK -ACODE=00h-07FFFh -ACONST=00h-07FFFh \
  -ASMALLCONST=0600h-06FFhx122 -AMEDIUMCONST=0600h-07FFFh -ACOMRAM=01h-07Fh \
  -AABS1=00h-05FFh -ABIGRAM=01h-05FFh -ARAM=080h-0FFh,0100h-01FFhx5 \
  -ABANK0=080h-0FFh -ABANK1=0100h-01FFh -ABANK2=0200h-02FFh \
  -ABANK3=0300h-03FFh -ABANK4=0400h-04FFh -ABANK5=0500h-05FFh \
  -ASFR=0F80h-0FFFh -preset_vec=00h,intcode=08h,intcodelo,powerup,init \
  -pramtop=0600h -psmallconst=SMALLCONST -pmediumconst=MEDIUMCONST \
  -pconst=CONST -AFARRAM=00h-00h -ACONFIG=0300000h-030000Dh -pconfig=CONFIG \
  -AIDLOC=0200000h-0200007h -pidloc=IDLOC -AEEDATA=0F00000h-0F000FFh \
  -peeprom_data=EEDATA \
  -prdata=COMRAM,nvrram=COMRAM,nvbit=COMRAM,rbss=COMRAM,rbit=COMRAM \
  -pfarbss=FARRAM,fardata=FARRAM,nvFARRAM=FARRAM \
  -pintsave_regs=BIGRAM,bigbss=BIGRAM,bigdata=BIGRAM -pbss=RAM \
  -pidata=CODE,irdata=CODE,ibigdata=CODE,ifardata=CODE -prparam=COMRAM \
  C:\Users\Sandrini\AppData\Local\Temp\s1d4.o \
  dist/default/production\EX24.X.production.o 

Object code version is 3.11

Machine type is 18F4520

Call graph: (short form)




                Name                               Link     Load   Length Selector   Space Scale
C:\Users\Sandrini\AppData\Local\Temp\s1d4.o
                init                                  E        E        4        4       0
                reset_vec                             0        0        4        0       0
                idloc                            200000   200000        8   200000       0
                config                           300000   300000        E   300000       0
dist/default/production\EX24.X.production.o
                intcode                               8        8        6        4       0
                temp                                 7B       7B        1        1       1
                smallconst                          600      600       5C      300       0
                text40                             332E     332E        8      32E       0
                intcode_body                       2E66     2E66       7C      32E       0
                text38                             29EE     29EE       CC      32E       0
                text37                             3000     3000       56      32E       0
                text36                             255E     255E      140      32E       0
                text35                             3310     3310       12      32E       0
                text34                             32EA     32EA       26      32E       0
                text33                             3262     3262       30      32E       0
                text32                             318C     318C       3E      32E       0
                text31                             241E     241E      140      32E       0
                text30                             2DE2     2DE2       84      32E       0
                text29                             2EE2     2EE2       70      32E       0
                text28                             1C58     1C58      288      32E       0
                text27                             2D58     2D58       8A      32E       0
                text26                             2784     2784       D0      32E       0
                text25                             15FA     15FA      352      32E       0
                text24                             3292     3292       2E      32E       0
                text23                             194C     194C      30C      32E       0
                text22                             3146     3146       46      32E       0
                text21                             2ABA     2ABA       BA      32E       0
                text20                             2922     2922       CC      32E       0
                text19                             20BA     20BA      1B6      32E       0
                text18                             3336     3336        2      32E       0
                text17                             2C22     2C22       A0      32E       0
                text16                             31CA     31CA       38      32E       0
                text15                             32C0     32C0       2A      32E       0
                text14                             2CC2     2CC2       96      32E       0
                text13                             30A8     30A8       52      32E       0
                text12                             3232     3232       30      32E       0
                text11                             30FA     30FA       4C      32E       0
                text10                              65C      65C      97E      32E       0
                text9                              269E     269E       E6      32E       0
                text8                              2854     2854       CE      32E       0
                text7                              2B74     2B74       AE      32E       0
                text6                              2270     2270      1AE      32E       0
                text5                               FDA      FDA      620      32E       0
                text4                              2FAA     2FAA       56      32E       0
                text3                              2F52     2F52       58      32E       0
                text2                              3322     3322        C      32E       0
                text1                              3056     3056       52      32E       0
                text0                              1EE0     1EE0      1DA      32E       0
                cstackCOMRAM                          1        1       75        1       1
                cstackBANK0                          80       80       60       80       1
                cstackBANK1                         182      182        A      100       1
                bssBANK1                            100      100       82      100       1
                bssBANK0                             E0       E0       1A       80       1
                bssCOMRAM                            76       76        5        1       1
                cinit                              3202     3202       30      32E       0

TOTAL           Name                               Link     Load   Length     Space
        CLASS   STACK          

        CLASS   CODE           
                intcode                               8        8        6         0
                init                                  E        E        4         0
                reset_vec                             0        0        4         0
                text40                             332E     332E        8         0
                intcode_body                       2E66     2E66       7C         0
                text38                             29EE     29EE       CC         0
                text37                             3000     3000       56         0
                text36                             255E     255E      140         0
                text35                             3310     3310       12         0
                text34                             32EA     32EA       26         0
                text33                             3262     3262       30         0
                text32                             318C     318C       3E         0
                text31                             241E     241E      140         0
                text30                             2DE2     2DE2       84         0
                text29                             2EE2     2EE2       70         0
                text28                             1C58     1C58      288         0
                text27                             2D58     2D58       8A         0
                text26                             2784     2784       D0         0
                text25                             15FA     15FA      352         0
                text24                             3292     3292       2E         0
                text23                             194C     194C      30C         0
                text22                             3146     3146       46         0
                text21                             2ABA     2ABA       BA         0
                text20                             2922     2922       CC         0
                text19                             20BA     20BA      1B6         0
                text18                             3336     3336        2         0
                text17                             2C22     2C22       A0         0
                text16                             31CA     31CA       38         0
                text15                             32C0     32C0       2A         0
                text14                             2CC2     2CC2       96         0
                text13                             30A8     30A8       52         0
                text12                             3232     3232       30         0
                text11                             30FA     30FA       4C         0
                text10                              65C      65C      97E         0
                text9                              269E     269E       E6         0
                text8                              2854     2854       CE         0
                text7                              2B74     2B74       AE         0
                text6                              2270     2270      1AE         0
                text5                               FDA      FDA      620         0
                text4                              2FAA     2FAA       56         0
                text3                              2F52     2F52       58         0
                text2                              3322     3322        C         0
                text1                              3056     3056       52         0
                text0                              1EE0     1EE0      1DA         0
                cinit                              3202     3202       30         0

        CLASS   CONST          

        CLASS   SMALLCONST     
                smallconst                          600      600       5C         0

        CLASS   MEDIUMCONST    

        CLASS   COMRAM         
                temp                                 7B       7B        1         1
                cstackCOMRAM                          1        1       75         1
                bssCOMRAM                            76       76        5         1

        CLASS   ABS1           

        CLASS   BIGRAM         

        CLASS   RAM            

        CLASS   BANK0          
                cstackBANK0                          80       80       60         1
                bssBANK0                             E0       E0       1A         1

        CLASS   BANK1          
                cstackBANK1                         182      182        A         1
                bssBANK1                            100      100       82         1

        CLASS   BANK2          

        CLASS   BANK3          

        CLASS   BANK4          

        CLASS   BANK5          

        CLASS   SFR            

        CLASS   FARRAM         

        CLASS   CONFIG         
                config                           300000   300000        E         0

        CLASS   IDLOC          
                idloc                            200000   200000        8         0

        CLASS   EEDATA         



SEGMENTS        Name                           Load    Length   Top    Selector   Space  Class

                reset_vec                      000000  000004  000004         0       0  CODE    
                cstackCOMRAM                   000001  00007B  00007C         1       1  COMRAM  
                intcode                        000008  00000A  000012         4       0  CODE    
                cstackBANK0                    000080  00007A  0000FA        80       1  BANK0   
                bssBANK1                       000100  00008C  00018C       100       1  BANK1   
                smallconst                     000600  00005C  00065C       300       0  SMALLCON
                text10                         00065C  002CDC  003338       32E       0  CODE    
                idloc                          200000  000008  200008    200000       0  IDLOC   
                config                         300000  00000E  30000E    300000       0  CONFIG  


UNUSED ADDRESS RANGES

        Name                Unused          Largest block    Delta
        BANK0            0000FA-0000FF                6
        BANK1            00018C-0001FF               74
        BANK2            000200-0002FF              100
        BANK3            000300-0003FF              100
        BANK4            000400-0004FF              100
        BANK5            000500-0005FF              100
        BIGRAM           00007C-00007F                4
                         0000FA-0000FF                6
                         00018C-0005FF              474
        CODE             000004-000007                4
                         000012-0005FF              5EE
                         003338-007FFF             4CC8
        COMRAM           00007C-00007F                4
        CONST            000004-000007                4
                         000012-0005FF              5EE
                         003338-007FFF             4CC8
        EEDATA           F00000-F000FF              100
        MEDIUMCONST      003338-007FFF             4CC8
        RAM              0000FA-0000FF                6
                         00018C-0005FF              100
        SFR              000F80-000FFF               80
        SMALLCONST       003338-007FFF              100
        STACK            00018C-0005FF              474

                                  Symbol Table

?___aldiv                cstackCOMRAM 000010
?___awdiv                cstackCOMRAM 000004
?___awmod                cstackCOMRAM 000004
?___fladd                cstackCOMRAM 000004
?___fldiv                cstackCOMRAM 00002B
?___flmul                cstackCOMRAM 000012
?___flneg                cstackCOMRAM 000004
?___flsub                cstackCOMRAM 00002B
?___fltol                cstackCOMRAM 000004
?___fpclassifyf          cstackCOMRAM 000004
?___lmul                 cstackCOMRAM 000004
?___lodiv                cstackCOMRAM 000004
?___lomod                cstackCOMRAM 000004
?___wmul                 cstackCOMRAM 000004
?___xxtofl               cstackCOMRAM 000004
?_atoi                   cstackCOMRAM 00000B
?_efgtoa                 cstackCOMRAM 000058
?_floorf                 cstackCOMRAM 000044
?_isdigit                cstackCOMRAM 000004
?_isspace                cstackCOMRAM 000004
?_isupper                cstackCOMRAM 000004
?_pad                    cstackCOMRAM 000014
?_sprintf                cstackBANK0  0000D2
?_strlen                 cstackCOMRAM 000004
?_strncmp                cstackCOMRAM 000004
?_tolower                cstackCOMRAM 00000A
?_utoa                   cstackCOMRAM 00001F
?_vfpfcnvrt              cstackCOMRAM 000064
?_vfprintf               cstackCOMRAM 000070
_ADCON0                  (abs)        000FC2
_ADCON0bits              (abs)        000FC2
_ADCON1                  (abs)        000FC1
_ADCON2                  (abs)        000FC0
_ADRESH                  (abs)        000FC4
_ADRESL                  (abs)        000FC3
_BAUDCTLbits             (abs)        000FB8
_EUSART_le               text40       00332E
_INTCONbits              (abs)        000FF2
_PIE1bits                (abs)        000F9D
_PORTB                   (abs)        000F81
_PORTBbits               (abs)        000F81
_RCIF                    (abs)        007CF5
_RCREG                   (abs)        000FAE
_RCSTAbits               (abs)        000FAB
_SPBRG                   (abs)        000FAF
_TRISB                   (abs)        000F93
_TRMT                    (abs)        007D61
_TXREG                   (abs)        000FAD
_TXSTAbits               (abs)        000FAC
__CFG_BOREN$OFF          (abs)        000000
__CFG_BORV$3             (abs)        000000
__CFG_CCP2MX$PORTC       (abs)        000000
__CFG_CP0$OFF            (abs)        000000
__CFG_CP1$OFF            (abs)        000000
__CFG_CP2$OFF            (abs)        000000
__CFG_CP3$OFF            (abs)        000000
__CFG_CPB$OFF            (abs)        000000
__CFG_CPD$OFF            (abs)        000000
__CFG_EBTR0$OFF          (abs)        000000
__CFG_EBTR1$OFF          (abs)        000000
__CFG_EBTR2$OFF          (abs)        000000
__CFG_EBTR3$OFF          (abs)        000000
__CFG_EBTRB$OFF          (abs)        000000
__CFG_FCMEN$OFF          (abs)        000000
__CFG_IESO$OFF           (abs)        000000
__CFG_LPT1OSC$OFF        (abs)        000000
__CFG_LVP$OFF            (abs)        000000
__CFG_MCLRE$ON           (abs)        000000
__CFG_OSC$HS             (abs)        000000
__CFG_PBADEN$OFF         (abs)        000000
__CFG_PWRT$ON            (abs)        000000
__CFG_STVREN$ON          (abs)        000000
__CFG_WDT$OFF            (abs)        000000
__CFG_WDTPS$32768        (abs)        000000
__CFG_WRT0$OFF           (abs)        000000
__CFG_WRT1$OFF           (abs)        000000
__CFG_WRT2$OFF           (abs)        000000
__CFG_WRT3$OFF           (abs)        000000
__CFG_WRTB$OFF           (abs)        000000
__CFG_WRTC$OFF           (abs)        000000
__CFG_WRTD$OFF           (abs)        000000
__CFG_XINST$OFF          (abs)        000000
__HRAM                   (abs)        000000
__Habs1                  abs1         000000
__Hbank0                 bank0        000000
__Hbank1                 bank1        000000
__Hbank2                 bank2        000000
__Hbank3                 bank3        000000
__Hbank4                 bank4        000000
__Hbank5                 bank5        000000
__Hbigbss                bigbss       000000
__Hbigdata               bigdata      000000
__Hbigram                bigram       000000
__Hbss                   bss          000000
__HbssBANK0              bssBANK0     000000
__HbssBANK1              bssBANK1     000000
__HbssCOMRAM             bssCOMRAM    000000
__Hcinit                 cinit        000000
__Hclrtext               clrtext      000000
__Hcomram                comram       000000
__Hconfig                config       30000E
__Hconst                 const        000000
__HcstackBANK0           cstackBANK0  000000
__HcstackBANK1           cstackBANK1  000000
__HcstackCOMRAM          cstackCOMRAM 000000
__Hdata                  data         000000
__Heeprom_data           eeprom_data  000000
__Hfarbss                farbss       000000
__Hfardata               fardata      000000
__Hibigdata              ibigdata     000000
__Hidata                 idata        000000
__Hidloc                 idloc        200008
__Hifardata              ifardata     000000
__Hinit                  init         000012
__Hintcode               intcode      00000E
__Hintcode_body          intcode_body 000000
__Hintcodelo             intcodelo    00000E
__Hintentry              intentry     000000
__Hintret                intret       000000
__Hintsave_regs          intsave_regs 000000
__Hirdata                irdata       000000
__Hmediumconst           mediumconst  000000
__HnvFARRAM              nvFARRAM     000000
__Hnvbit                 nvbit        000000
__Hnvrram                nvrram       000000
__Hparam                 rparam       000000
__Hpowerup               powerup      00000E
__Hram                   ram          000000
__Hramtop                ramtop       000600
__Hrbit                  rbit         000000
__Hrbss                  rbss         000000
__Hrdata                 rdata        000000
__Hreset_vec             reset_vec    000004
__Hrparam                rparam       000000
__Hsfr                   sfr          000000
__Hsmallconst            smallconst   00065C
__Hspace_0               (abs)        30000E
__Hspace_1               (abs)        00018C
__Hspace_2               (abs)        000000
__Hstack                 stack        000000
__Hstruct                struct       000000
__Htemp                  temp         00007C
__Htext                  text         000000
__Htext0                 text0        000000
__Htext1                 text1        000000
__Htext10                text10       000000
__Htext11                text11       000000
__Htext12                text12       000000
__Htext13                text13       000000
__Htext14                text14       000000
__Htext15                text15       000000
__Htext16                text16       000000
__Htext17                text17       000000
__Htext18                text18       000000
__Htext19                text19       000000
__Htext2                 text2        000000
__Htext20                text20       000000
__Htext21                text21       000000
__Htext22                text22       000000
__Htext23                text23       000000
__Htext24                text24       000000
__Htext25                text25       000000
__Htext26                text26       000000
__Htext27                text27       000000
__Htext28                text28       000000
__Htext29                text29       000000
__Htext3                 text3        000000
__Htext30                text30       000000
__Htext31                text31       000000
__Htext32                text32       000000
__Htext33                text33       000000
__Htext34                text34       000000
__Htext35                text35       000000
__Htext36                text36       000000
__Htext37                text37       000000
__Htext38                text38       000000
__Htext4                 text4        000000
__Htext40                text40       000000
__Htext5                 text5        000000
__Htext6                 text6        000000
__Htext7                 text7        000000
__Htext8                 text8        000000
__Htext9                 text9        000000
__LRAM                   (abs)        000001
__Labs1                  abs1         000000
__Lbank0                 bank0        000000
__Lbank1                 bank1        000000
__Lbank2                 bank2        000000
__Lbank3                 bank3        000000
__Lbank4                 bank4        000000
__Lbank5                 bank5        000000
__Lbigbss                bigbss       000000
__Lbigdata               bigdata      000000
__Lbigram                bigram       000000
__Lbss                   bss          000000
__LbssBANK0              bssBANK0     000000
__LbssBANK1              bssBANK1     000000
__LbssCOMRAM             bssCOMRAM    000000
__Lcinit                 cinit        000000
__Lclrtext               clrtext      000000
__Lcomram                comram       000000
__Lconfig                config       300000
__Lconst                 const        000000
__LcstackBANK0           cstackBANK0  000000
__LcstackBANK1           cstackBANK1  000000
__LcstackCOMRAM          cstackCOMRAM 000000
__Ldata                  data         000000
__Leeprom_data           eeprom_data  000000
__Lfarbss                farbss       000000
__Lfardata               fardata      000000
__Libigdata              ibigdata     000000
__Lidata                 idata        000000
__Lidloc                 idloc        200000
__Lifardata              ifardata     000000
__Linit                  init         00000E
__Lintcode               intcode      000008
__Lintcode_body          intcode_body 000000
__Lintcodelo             intcodelo    00000E
__Lintentry              intentry     000000
__Lintret                intret       000000
__Lintsave_regs          intsave_regs 000000
__Lirdata                irdata       000000
__Lmediumconst           mediumconst  000000
__LnvFARRAM              nvFARRAM     000000
__Lnvbit                 nvbit        000000
__Lnvrram                nvrram       000000
__Lparam                 rparam       000000
__Lpowerup               powerup      00000E
__Lram                   ram          000000
__Lramtop                ramtop       000600
__Lrbit                  rbit         000000
__Lrbss                  rbss         000000
__Lrdata                 rdata        000000
__Lreset_vec             reset_vec    000000
__Lrparam                rparam       000000
__Lsfr                   sfr          000000
__Lsmallconst            smallconst   000600
__Lspace_0               (abs)        000000
__Lspace_1               (abs)        000000
__Lspace_2               (abs)        000000
__Lstack                 stack        000000
__Lstruct                struct       000000
__Ltemp                  temp         00007B
__Ltext                  text         000000
__Ltext0                 text0        000000
__Ltext1                 text1        000000
__Ltext10                text10       000000
__Ltext11                text11       000000
__Ltext12                text12       000000
__Ltext13                text13       000000
__Ltext14                text14       000000
__Ltext15                text15       000000
__Ltext16                text16       000000
__Ltext17                text17       000000
__Ltext18                text18       000000
__Ltext19                text19       000000
__Ltext2                 text2        000000
__Ltext20                text20       000000
__Ltext21                text21       000000
__Ltext22                text22       000000
__Ltext23                text23       000000
__Ltext24                text24       000000
__Ltext25                text25       000000
__Ltext26                text26       000000
__Ltext27                text27       000000
__Ltext28                text28       000000
__Ltext29                text29       000000
__Ltext3                 text3        000000
__Ltext30                text30       000000
__Ltext31                text31       000000
__Ltext32                text32       000000
__Ltext33                text33       000000
__Ltext34                text34       000000
__Ltext35                text35       000000
__Ltext36                text36       000000
__Ltext37                text37       000000
__Ltext38                text38       000000
__Ltext4                 text4        000000
__Ltext40                text40       000000
__Ltext5                 text5        000000
__Ltext6                 text6        000000
__Ltext7                 text7        000000
__Ltext8                 text8        000000
__Ltext9                 text9        000000
__S0                     (abs)        30000E
__S1                     (abs)        00018C
__S2                     (abs)        000000
___aldiv                 text38       0029EE
___aldiv@counter         cstackCOMRAM 000018
___aldiv@dividend        cstackCOMRAM 000010
___aldiv@divisor         cstackCOMRAM 000014
___aldiv@quotient        cstackCOMRAM 00001A
___aldiv@sign            cstackCOMRAM 000019
___awdiv                 text30       002DE2
___awdiv@counter         cstackCOMRAM 000008
___awdiv@dividend        cstackCOMRAM 000004
___awdiv@divisor         cstackCOMRAM 000006
___awdiv@quotient        cstackCOMRAM 00000A
___awdiv@sign            cstackCOMRAM 000009
___awmod                 text29       002EE2
___awmod@counter         cstackCOMRAM 000008
___awmod@dividend        cstackCOMRAM 000004
___awmod@divisor         cstackCOMRAM 000006
___awmod@sign            cstackCOMRAM 000009
___fladd                 text23       00194C
___fladd@a               cstackCOMRAM 000008
___fladd@aexp            cstackCOMRAM 000011
___fladd@b               cstackCOMRAM 000004
___fladd@bexp            cstackCOMRAM 000012
___fladd@grs             cstackCOMRAM 000013
___fladd@signs           cstackCOMRAM 000010
___fldiv                 text28       001C58
___fldiv@a               cstackCOMRAM 00002F
___fldiv@aexp            cstackCOMRAM 000043
___fldiv@b               cstackCOMRAM 00002B
___fldiv@bexp            cstackCOMRAM 000042
___fldiv@grs             cstackCOMRAM 00003E
___fldiv@new_exp         cstackCOMRAM 00003C
___fldiv@rem             cstackCOMRAM 000037
___fldiv@sign            cstackCOMRAM 00003B
___fleq                  text27       002D58
___fleq@ff1              cstackCOMRAM 000004
___fleq@ff2              cstackCOMRAM 000008
___flge                  text26       002784
___flge@ff1              cstackCOMRAM 00002B
___flge@ff2              cstackCOMRAM 00002F
___flmul                 text25       0015FA
___flmul@a               cstackCOMRAM 000016
___flmul@aexp            cstackCOMRAM 00001F
___flmul@b               cstackCOMRAM 000012
___flmul@bexp            cstackCOMRAM 000024
___flmul@grs             cstackCOMRAM 000020
___flmul@prod            cstackCOMRAM 000025
___flmul@sign            cstackCOMRAM 00001E
___flmul@temp            cstackCOMRAM 000029
___flneg                 text24       003292
___flneg@f1              cstackCOMRAM 000004
___flsub                 text22       003146
___flsub@a               cstackCOMRAM 00002F
___flsub@b               cstackCOMRAM 00002B
___fltol                 text21       002ABA
___fltol@exp1            cstackCOMRAM 00000D
___fltol@f1              cstackCOMRAM 000004
___fltol@sign1           cstackCOMRAM 00000C
___fpclassifyf           text20       002922
___fpclassifyf@F463      bssBANK0     0000E4
___fpclassifyf@e         cstackCOMRAM 00000C
___fpclassifyf@u         cstackCOMRAM 00000E
___fpclassifyf@x         cstackCOMRAM 000004
___inthi_sp              stack        000000
___intlo_sp              stack        000000
___lmul                  text37       003000
___lmul@multiplicand     cstackCOMRAM 000008
___lmul@multiplier       cstackCOMRAM 000004
___lmul@product          cstackCOMRAM 00000C
___lodiv                 text8        002854
___lodiv@counter         cstackCOMRAM 00001C
___lodiv@dividend        cstackCOMRAM 000004
___lodiv@divisor         cstackCOMRAM 00000C
___lodiv@quotient        cstackCOMRAM 000014
___lomod                 text7        002B74
___lomod@counter         cstackCOMRAM 000014
___lomod@dividend        cstackCOMRAM 000004
___lomod@divisor         cstackCOMRAM 00000C
___param_bank            (abs)        000000
___rparam_used           (abs)        000001
___sp                    stack        000000
___wmul                  text34       0032EA
___wmul@multiplicand     cstackCOMRAM 000006
___wmul@multiplier       cstackCOMRAM 000004
___wmul@product          cstackCOMRAM 000008
___xxtofl                text36       00255E
___xxtofl@arg            cstackCOMRAM 00000E
___xxtofl@exp            cstackCOMRAM 00000D
___xxtofl@sign           cstackCOMRAM 00000C
___xxtofl@val            cstackCOMRAM 000004
__accesstop              (abs)        000080
__activetblptr           (abs)        000002
__end_of_EUSART_le       text40       003336
__end_of___aldiv         text38       002ABA
__end_of___awdiv         text30       002E66
__end_of___awmod         text29       002F52
__end_of___fladd         text23       001C58
__end_of___fldiv         text28       001EE0
__end_of___fleq          text27       002DE2
__end_of___flge          text26       002854
__end_of___flmul         text25       00194C
__end_of___flneg         text24       0032C0
__end_of___flsub         text22       00318C
__end_of___fltol         text21       002B74
__end_of___fpclassifyf   text20       0029EE
__end_of___lmul          text37       003056
__end_of___lodiv         text8        002922
__end_of___lomod         text7        002C22
__end_of___wmul          text34       003310
__end_of___xxtofl        text36       00269E
__end_of__initialization cinit        003224
__end_of_atoi            text31       00255E
__end_of_efgtoa          text10       000FDA
__end_of_escreve_EUSART  text2        00332E
__end_of_floorf          text19       002270
__end_of_fputc           text17       002CC2
__end_of_fputs           text16       003202
__end_of_init_EUSART     text35       003322
__end_of_isdigit         text33       003292
__end_of_isspace         text32       0031CA
__end_of_isupper         text12       003262
__end_of_main            text0        0020BA
__end_of_pad             text14       002D58
__end_of_putch           text18       003338
__end_of_sprintf         text3        002FAA
__end_of_strcpy          text13       0030FA
__end_of_string_EUSART   text1        0030A8
__end_of_strlen          text15       0032EA
__end_of_strncmp         text9        002784
__end_of_tolower         text11       003146
__end_of_trata_serial    intcode_body 002EE2
__end_of_utoa            text6        00241E
__end_of_vfpfcnvrt       text5        0015FA
__end_of_vfprintf        text4        003000
__initialization         cinit        003202
__mediumconst            mediumconst  000000
__pbssBANK0              bssBANK0     0000E0
__pbssBANK1              bssBANK1     000100
__pbssCOMRAM             bssCOMRAM    000076
__pcinit                 cinit        003202
__pcstackBANK0           cstackBANK0  000080
__pcstackBANK1           cstackBANK1  000182
__pcstackCOMRAM          cstackCOMRAM 000001
__pintcode               intcode      000008
__pintcode_body          intcode_body 002E66
__psmallconst            smallconst   000600
__ptext0                 text0        001EE0
__ptext1                 text1        003056
__ptext10                text10       00065C
__ptext11                text11       0030FA
__ptext12                text12       003232
__ptext13                text13       0030A8
__ptext14                text14       002CC2
__ptext15                text15       0032C0
__ptext16                text16       0031CA
__ptext17                text17       002C22
__ptext18                text18       003336
__ptext19                text19       0020BA
__ptext2                 text2        003322
__ptext20                text20       002922
__ptext21                text21       002ABA
__ptext22                text22       003146
__ptext23                text23       00194C
__ptext24                text24       003292
__ptext25                text25       0015FA
__ptext26                text26       002784
__ptext27                text27       002D58
__ptext28                text28       001C58
__ptext29                text29       002EE2
__ptext3                 text3        002F52
__ptext30                text30       002DE2
__ptext31                text31       00241E
__ptext32                text32       00318C
__ptext33                text33       003262
__ptext34                text34       0032EA
__ptext35                text35       003310
__ptext36                text36       00255E
__ptext37                text37       003000
__ptext38                text38       0029EE
__ptext4                 text4        002FAA
__ptext40                text40       00332E
__ptext5                 text5        000FDA
__ptext6                 text6        002270
__ptext7                 text7        002B74
__ptext8                 text8        002854
__ptext9                 text9        00269E
__ramtop                 ramtop       000600
__size_of_EUSART_le      (abs)        000000
__size_of___aldiv        (abs)        000000
__size_of___awdiv        (abs)        000000
__size_of___awmod        (abs)        000000
__size_of___fladd        (abs)        000000
__size_of___fldiv        (abs)        000000
__size_of___fleq         (abs)        000000
__size_of___flge         (abs)        000000
__size_of___flmul        (abs)        000000
__size_of___flneg        (abs)        000000
__size_of___flsub        (abs)        000000
__size_of___fltol        (abs)        000000
__size_of___fpclassifyf  (abs)        000000
__size_of___lmul         (abs)        000000
__size_of___lodiv        (abs)        000000
__size_of___lomod        (abs)        000000
__size_of___wmul         (abs)        000000
__size_of___xxtofl       (abs)        000000
__size_of_atoi           (abs)        000000
__size_of_efgtoa         (abs)        000000
__size_of_escreve_EUSART (abs)        000000
__size_of_floorf         (abs)        000000
__size_of_fputc          (abs)        000000
__size_of_fputs          (abs)        000000
__size_of_init_EUSART    (abs)        000000
__size_of_isdigit        (abs)        000000
__size_of_isspace        (abs)        000000
__size_of_isupper        (abs)        000000
__size_of_main           (abs)        000000
__size_of_pad            (abs)        000000
__size_of_putch          (abs)        000000
__size_of_sprintf        (abs)        000000
__size_of_strcpy         (abs)        000000
__size_of_string_EUSART  (abs)        000000
__size_of_strlen         (abs)        000000
__size_of_strncmp        (abs)        000000
__size_of_tolower        (abs)        000000
__size_of_trata_serial   (abs)        000000
__size_of_utoa           (abs)        000000
__size_of_vfpfcnvrt      (abs)        000000
__size_of_vfprintf       (abs)        000000
__smallconst             smallconst   000600
_adc                     bssBANK0     0000F8
_atoi                    text31       00241E
_atoi$1125               cstackCOMRAM 000013
_atoi$1126               cstackCOMRAM 000017
_atoi$1127               cstackCOMRAM 000015
_bufferEUSART            bssBANK1     000150
_dado                    bssBANK0     0000E8
_dbuf                    bssBANK1     000100
_efgtoa                  text10       00065C
_efgtoa$610              cstackBANK0  000084
_efgtoa$611              cstackBANK0  000086
_efgtoa$616              cstackBANK0  000088
_efgtoa$620              cstackBANK0  00008A
_efgtoa$621              cstackBANK0  00008C
_efgtoa$622              cstackBANK0  00008E
_escreve_EUSART          text2        003322
_flags                   bssCOMRAM    000078
_floorf                  text19       0020BA
_fputc                   text17       002C22
_fputs                   text16       0031CA
_i                       bssCOMRAM    00007A
_init_EUSART             text35       003310
_isdigit                 text33       003262
_isspace                 text32       00318C
_isspace$1156            cstackCOMRAM 00000A
_isupper                 text12       003232
_main                    text0        001EE0
_nout                    bssBANK0     0000F4
_pad                     text14       002CC2
_prec                    bssCOMRAM    000076
_putch                   text18       003336
_sprintf                 text3        002F52
_strcpy                  text13       0030A8
_string_EUSART           text1        003056
_strlen                  text15       0032C0
_strncmp                 text9        00269E
_temp                    bssBANK0     0000EC
_tolower                 text11       0030FA
_tolower$1241            cstackCOMRAM 000010
_trata_serial            intcode      000008
_utoa                    text6        002270
_vfpfcnvrt               text5        000FDA
_vfpfcnvrt$643           cstackBANK0  0000BA
_vfpfcnvrt$644           cstackBANK0  0000BC
_vfpfcnvrt$648           cstackBANK0  0000BE
_vfprintf                text4        002FAA
_volt                    bssBANK0     0000F0
_width                   bssBANK0     0000F6
atoi@n                   cstackCOMRAM 000018
atoi@neg                 cstackCOMRAM 000011
atoi@s                   cstackCOMRAM 00000B
btemp                    temp         00007B
efgtoa@c                 cstackCOMRAM 00005E
efgtoa@d                 cstackBANK0  000098
efgtoa@e                 cstackBANK0  0000B0
efgtoa@f                 cstackCOMRAM 00005A
efgtoa@fp                cstackCOMRAM 000058
efgtoa@g                 cstackBANK0  0000AC
efgtoa@h                 cstackBANK0  0000A2
efgtoa@i                 cstackBANK0  0000AA
efgtoa@l                 cstackBANK0  0000A6
efgtoa@m                 cstackBANK0  000094
efgtoa@mode              cstackBANK0  0000A1
efgtoa@n                 cstackBANK0  0000B2
efgtoa@ne                cstackBANK0  000096
efgtoa@nmode             cstackBANK0  00009E
efgtoa@ou                cstackBANK0  000080
efgtoa@p                 cstackBANK0  00009C
efgtoa@pp                cstackBANK0  000092
efgtoa@sign              cstackBANK0  00009A
efgtoa@t                 cstackBANK0  000090
efgtoa@u                 cstackBANK0  0000B4
efgtoa@w                 cstackBANK0  00009F
end_of_initialization    cinit        003224
escreve_EUSART@c         cstackCOMRAM 000004
floorf@F524              bssBANK0     0000E0
floorf@e                 cstackCOMRAM 000052
floorf@m                 cstackCOMRAM 00004E
floorf@u                 cstackCOMRAM 000054
floorf@x                 cstackCOMRAM 000044
fputc@c                  cstackCOMRAM 000004
fputc@fp                 cstackCOMRAM 000006
fputs@c                  cstackCOMRAM 000011
fputs@fp                 cstackCOMRAM 00000F
fputs@i                  cstackCOMRAM 000012
fputs@s                  cstackCOMRAM 00000D
int$flags                temp         00007B
int_func                 intcode_body 002E66
intlevel0                text         000000
intlevel1                text         000000
intlevel2                text         000000
intlevel3                text         000000
isdigit@c                cstackCOMRAM 000004
isspace@c                cstackCOMRAM 000004
isupper@c                cstackCOMRAM 000004
pad@buf                  cstackCOMRAM 000016
pad@fp                   cstackCOMRAM 000014
pad@i                    cstackCOMRAM 00001B
pad@p                    cstackCOMRAM 000018
pad@w                    cstackCOMRAM 00001D
sprintf@ap               cstackBANK1  000184
sprintf@f                cstackBANK1  000186
sprintf@fmt              cstackBANK0  0000D4
sprintf@s                cstackBANK0  0000D2
stackhi                  (abs)        0005FF
stacklo                  (abs)        00018C
start                    init         00000E
start_initialization     cinit        003202
strcpy@d                 cstackCOMRAM 00000C
strcpy@dest              cstackCOMRAM 000004
strcpy@s                 cstackCOMRAM 00000A
strcpy@src               cstackCOMRAM 000006
string_EUSART@str        cstackCOMRAM 000005
strlen@a                 cstackCOMRAM 000006
strlen@s                 cstackCOMRAM 000004
strncmp@_l               cstackCOMRAM 000004
strncmp@_r               cstackCOMRAM 000006
strncmp@l                cstackCOMRAM 00000B
strncmp@n                cstackCOMRAM 000008
strncmp@r                cstackCOMRAM 00000D
tolower@c                cstackCOMRAM 00000A
ttemp5                   temp         00007C
ttemp6                   temp         00007F
ttemp7                   temp         000083
utoa@d                   cstackCOMRAM 000021
utoa@fp                  cstackCOMRAM 00001F
utoa@i                   cstackCOMRAM 00003D
utoa@n                   cstackCOMRAM 000035
utoa@p                   cstackCOMRAM 000031
utoa@w                   cstackCOMRAM 000033
vfpfcnvrt@ap             cstackCOMRAM 000068
vfpfcnvrt@c              cstackBANK0  0000CF
vfpfcnvrt@ct             cstackBANK0  0000CC
vfpfcnvrt@done           cstackBANK0  0000B8
vfpfcnvrt@f              cstackBANK0  0000C8
vfpfcnvrt@fmt            cstackCOMRAM 000066
vfpfcnvrt@fp             cstackCOMRAM 000064
vfpfcnvrt@llu            cstackBANK0  0000C0
vfprintf@ap              cstackCOMRAM 000074
vfprintf@cfmt            cstackBANK0  0000D0
vfprintf@fmt             cstackCOMRAM 000072
vfprintf@fp              cstackCOMRAM 000070
wtemp8                   temp         00007C


FUNCTION INFORMATION:

 *************** function _main *****************
 Defined at:
		line 48 in file "EX24.c"
 Parameters:    Size  Location     Type
		None
 Auto vars:     Size  Location     Type
		None
 Return value:  Size  Location     Type
                  1    wreg      void 
 Registers used:
		wreg, fsr1l, fsr1h, fsr2l, fsr2h, status,2, status,0, tblptrl, tblptrh, tblptru, prodl, prodh, cstack
 Tracked objects:
		On entry : 
		On exit  : 
		Unchanged: 
 Data sizes:     COMRAM   BANK0   BANK1   BANK2   BANK3   BANK4   BANK5
      Params:         0       0       0       0       0       0       0
      Locals:         0       0       0       0       0       0       0
      Temps:          0       2       0       0       0       0       0
      Totals:         0       2       0       0       0       0       0
Total ram usage:        2 bytes
 Hardware stack levels required when called:   10
 This function calls:
		___aldiv
		___fldiv
		___flmul
		___lmul
		___xxtofl
		_init_EUSART
		_sprintf
		_string_EUSART
 This function is called by:
		Startup code after reset
 This function uses a non-reentrant model


 *************** function _string_EUSART *****************
 Defined at:
		line 25 in file "../Bibliotecas/eusart.c"
 Parameters:    Size  Location     Type
  str             2    4[COMRAM] PTR unsigned char 
		 -> bufferEUSART(50), STR_1(34), 
 Auto vars:     Size  Location     Type
		None
 Return value:  Size  Location     Type
                  1    wreg      void 
 Registers used:
		wreg, fsr1l, fsr1h, status,2, status,0, tblptrl, tblptrh, tblptru, cstack
 Tracked objects:
		On entry : 
		On exit  : 
		Unchanged: 
 Data sizes:     COMRAM   BANK0   BANK1   BANK2   BANK3   BANK4   BANK5
      Params:         2       0       0       0       0       0       0
      Locals:         0       0       0       0       0       0       0
      Temps:          0       0       0       0       0       0       0
      Totals:         2       0       0       0       0       0       0
Total ram usage:        2 bytes
 Hardware stack levels used:    1
 Hardware stack levels required when called:    3
 This function calls:
		_escreve_EUSART
 This function is called by:
		_main
 This function uses a non-reentrant model


 *************** function _escreve_EUSART *****************
 Defined at:
		line 18 in file "../Bibliotecas/eusart.c"
 Parameters:    Size  Location     Type
  c               1    wreg     unsigned char 
 Auto vars:     Size  Location     Type
  c               1    3[COMRAM] unsigned char 
 Return value:  Size  Location     Type
                  1    wreg      void 
 Registers used:
		wreg
 Tracked objects:
		On entry : 
		On exit  : 
		Unchanged: 
 Data sizes:     COMRAM   BANK0   BANK1   BANK2   BANK3   BANK4   BANK5
      Params:         0       0       0       0       0       0       0
      Locals:         1       0       0       0       0       0       0
      Temps:          0       0       0       0       0       0       0
      Totals:         1       0       0       0       0       0       0
Total ram usage:        1 bytes
 Hardware stack levels used:    1
 Hardware stack levels required when called:    2
 This function calls:
		Nothing
 This function is called by:
		_string_EUSART
 This function uses a non-reentrant model


 *************** function _sprintf *****************
 Defined at:
		line 9 in file "C:\Program Files (x86)\Microchip\xc8\v2.05\pic\sources\c99\common\nf_sprintf.c"
 Parameters:    Size  Location     Type
  s               2   82[BANK0 ] PTR unsigned char 
		 -> bufferEUSART(50), 
  fmt             2   84[BANK0 ] PTR const unsigned char 
		 -> STR_2(33), 
 Auto vars:     Size  Location     Type
  f               6    4[BANK1 ] struct _IO_FILE
  ap              2    2[BANK1 ] PTR void [1]
		 -> ?_sprintf(2), 
  ret             2    0        int 
 Return value:  Size  Location     Type
                  2   82[BANK0 ] int 
 Registers used:
		wreg, fsr1l, fsr1h, fsr2l, fsr2h, status,2, status,0, tblptrl, tblptrh, tblptru, prodl, prodh, cstack
 Tracked objects:
		On entry : 
		On exit  : 
		Unchanged: 
 Data sizes:     COMRAM   BANK0   BANK1   BANK2   BANK3   BANK4   BANK5
      Params:         0      12       0       0       0       0       0
      Locals:         0       0      10       0       0       0       0
      Temps:          0       0       0       0       0       0       0
      Totals:         0      12      10       0       0       0       0
Total ram usage:       22 bytes
 Hardware stack levels used:    1
 Hardware stack levels required when called:    9
 This function calls:
		_vfprintf
 This function is called by:
		_main
 This function uses a non-reentrant model


 *************** function _vfprintf *****************
 Defined at:
		line 1368 in file "C:\Program Files (x86)\Microchip\xc8\v2.05\pic\sources\c99\common\doprnt.c"
 Parameters:    Size  Location     Type
  fp              2  111[COMRAM] PTR struct _IO_FILE
		 -> sprintf@f(6), 
  fmt             2  113[COMRAM] PTR const unsigned char 
		 -> STR_2(33), 
  ap              2  115[COMRAM] PTR PTR void 
		 -> sprintf@ap(2), 
 Auto vars:     Size  Location     Type
  cfmt            2   80[BANK0 ] PTR unsigned char 
		 -> STR_2(33), 
 Return value:  Size  Location     Type
                  2  111[COMRAM] int 
 Registers used:
		wreg, fsr1l, fsr1h, fsr2l, fsr2h, status,2, status,0, tblptrl, tblptrh, tblptru, prodl, prodh, cstack
 Tracked objects:
		On entry : 
		On exit  : 
		Unchanged: 
 Data sizes:     COMRAM   BANK0   BANK1   BANK2   BANK3   BANK4   BANK5
      Params:         6       0       0       0       0       0       0
      Locals:         0       2       0       0       0       0       0
      Temps:          0       0       0       0       0       0       0
      Totals:         6       2       0       0       0       0       0
Total ram usage:        8 bytes
 Hardware stack levels used:    1
 Hardware stack levels required when called:    8
 This function calls:
		_vfpfcnvrt
 This function is called by:
		_sprintf
 This function uses a non-reentrant model


 *************** function _vfpfcnvrt *****************
 Defined at:
		line 670 in file "C:\Program Files (x86)\Microchip\xc8\v2.05\pic\sources\c99\common\doprnt.c"
 Parameters:    Size  Location     Type
  fp              2   99[COMRAM] PTR struct _IO_FILE
		 -> sprintf@f(6), 
  fmt             2  101[COMRAM] PTR PTR unsigned char 
		 -> vfprintf@cfmt(2), 
  ap              2  103[COMRAM] PTR PTR void 
		 -> sprintf@ap(2), 
 Auto vars:     Size  Location     Type
  llu             8   64[BANK0 ] unsigned long long 
  ll              8    0        long long 
  f               4   72[BANK0 ] long long 
  ct              3   76[BANK0 ] unsigned char [3]
  vp              3    0        PTR void 
  cp              3    0        PTR unsigned char 
  done            2   56[BANK0 ] int 
  i               2    0        int 
  c               1   79[BANK0 ] unsigned char 
 Return value:  Size  Location     Type
                  2   99[COMRAM] int 
 Registers used:
		wreg, fsr1l, fsr1h, fsr2l, fsr2h, status,2, status,0, tblptrl, tblptrh, tblptru, prodl, prodh, cstack
 Tracked objects:
		On entry : 
		On exit  : 
		Unchanged: 
 Data sizes:     COMRAM   BANK0   BANK1   BANK2   BANK3   BANK4   BANK5
      Params:         6       0       0       0       0       0       0
      Locals:         0      24       0       0       0       0       0
      Temps:          6       0       0       0       0       0       0
      Totals:        12      24       0       0       0       0       0
Total ram usage:       36 bytes
 Hardware stack levels used:    1
 Hardware stack levels required when called:    7
 This function calls:
		_atoi
		_efgtoa
		_fputc
		_isdigit
		_isupper
		_strncmp
		_tolower
		_utoa
 This function is called by:
		_vfprintf
 This function uses a non-reentrant model


 *************** function _utoa *****************
 Defined at:
		line 593 in file "C:\Program Files (x86)\Microchip\xc8\v2.05\pic\sources\c99\common\doprnt.c"
 Parameters:    Size  Location     Type
  fp              2   30[COMRAM] PTR struct _IO_FILE
		 -> sprintf@f(6), 
  d               8   32[COMRAM] unsigned long long 
 Auto vars:     Size  Location     Type
  n               8   52[COMRAM] unsigned long long 
  i               2   60[COMRAM] int 
  w               2   50[COMRAM] int 
  p               2   48[COMRAM] int 
 Return value:  Size  Location     Type
                  2   30[COMRAM] int 
 Registers used:
		wreg, fsr1l, fsr1h, fsr2l, fsr2h, status,2, status,0, cstack
 Tracked objects:
		On entry : 
		On exit  : 
		Unchanged: 
 Data sizes:     COMRAM   BANK0   BANK1   BANK2   BANK3   BANK4   BANK5
      Params:        10       0       0       0       0       0       0
      Locals:        14       0       0       0       0       0       0
      Temps:          8       0       0       0       0       0       0
      Totals:        32       0       0       0       0       0       0
Total ram usage:       32 bytes
 Hardware stack levels used:    1
 Hardware stack levels required when called:    6
 This function calls:
		___lodiv
		___lomod
		_pad
 This function is called by:
		_vfpfcnvrt
 This function uses a non-reentrant model


 *************** function ___lomod *****************
 Defined at:
		line 9 in file "C:\Program Files (x86)\Microchip\xc8\v2.05\pic\sources\c99\common\lomod.c"
 Parameters:    Size  Location     Type
  dividend        8    3[COMRAM] unsigned long long 
  divisor         8   11[COMRAM] unsigned long long 
 Auto vars:     Size  Location     Type
  counter         1   19[COMRAM] unsigned char 
 Return value:  Size  Location     Type
                  8    3[COMRAM] unsigned long long 
 Registers used:
		wreg, status,2, status,0
 Tracked objects:
		On entry : 
		On exit  : 
		Unchanged: 
 Data sizes:     COMRAM   BANK0   BANK1   BANK2   BANK3   BANK4   BANK5
      Params:        16       0       0       0       0       0       0
      Locals:         1       0       0       0       0       0       0
      Temps:          0       0       0       0       0       0       0
      Totals:        17       0       0       0       0       0       0
Total ram usage:       17 bytes
 Hardware stack levels used:    1
 Hardware stack levels required when called:    2
 This function calls:
		Nothing
 This function is called by:
		_utoa
 This function uses a non-reentrant model


 *************** function ___lodiv *****************
 Defined at:
		line 9 in file "C:\Program Files (x86)\Microchip\xc8\v2.05\pic\sources\c99\common\lodiv.c"
 Parameters:    Size  Location     Type
  dividend        8    3[COMRAM] unsigned long long 
  divisor         8   11[COMRAM] unsigned long long 
 Auto vars:     Size  Location     Type
  quotient        8   19[COMRAM] unsigned long long 
  counter         1   27[COMRAM] unsigned char 
 Return value:  Size  Location     Type
                  8    3[COMRAM] unsigned long long 
 Registers used:
		wreg, fsr2l, fsr2h, status,2, status,0
 Tracked objects:
		On entry : 
		On exit  : 
		Unchanged: 
 Data sizes:     COMRAM   BANK0   BANK1   BANK2   BANK3   BANK4   BANK5
      Params:        16       0       0       0       0       0       0
      Locals:         9       0       0       0       0       0       0
      Temps:          0       0       0       0       0       0       0
      Totals:        25       0       0       0       0       0       0
Total ram usage:       25 bytes
 Hardware stack levels used:    1
 Hardware stack levels required when called:    2
 This function calls:
		Nothing
 This function is called by:
		_utoa
 This function uses a non-reentrant model


 *************** function _strncmp *****************
 Defined at:
		line 3 in file "C:\Program Files (x86)\Microchip\xc8\v2.05\pic\sources\c99\common\strncmp.c"
 Parameters:    Size  Location     Type
  _l              2    3[COMRAM] PTR const unsigned char 
		 -> vfpfcnvrt@ct(3), STR_2(33), 
  _r              2    5[COMRAM] PTR const unsigned char 
		 -> STR_18(3), STR_13(3), 
  n               2    7[COMRAM] unsigned int 
 Auto vars:     Size  Location     Type
  r               2   12[COMRAM] PTR const unsigned char 
		 -> STR_18(3), STR_13(3), 
  l               2   10[COMRAM] PTR const unsigned char 
		 -> vfpfcnvrt@ct(3), STR_2(33), 
 Return value:  Size  Location     Type
                  2    3[COMRAM] int 
 Registers used:
		wreg, fsr1l, fsr1h, status,2, status,0, tblptrl, tblptrh, tblptru
 Tracked objects:
		On entry : 
		On exit  : 
		Unchanged: 
 Data sizes:     COMRAM   BANK0   BANK1   BANK2   BANK3   BANK4   BANK5
      Params:         6       0       0       0       0       0       0
      Locals:         4       0       0       0       0       0       0
      Temps:          1       0       0       0       0       0       0
      Totals:        11       0       0       0       0       0       0
Total ram usage:       11 bytes
 Hardware stack levels used:    1
 Hardware stack levels required when called:    2
 This function calls:
		Nothing
 This function is called by:
		_vfpfcnvrt
 This function uses a non-reentrant model


 *************** function _efgtoa *****************
 Defined at:
		line 319 in file "C:\Program Files (x86)\Microchip\xc8\v2.05\pic\sources\c99\common\doprnt.c"
 Parameters:    Size  Location     Type
  fp              2   87[COMRAM] PTR struct _IO_FILE
		 -> sprintf@f(6), 
  f               4   89[COMRAM] PTR struct _IO_FILE
  c               1   93[COMRAM] unsigned char 
 Auto vars:     Size  Location     Type
  u               4   52[BANK0 ] unsigned char 
  g               4   44[BANK0 ] unsigned char 
  l               4   38[BANK0 ] unsigned char 
  h               4   34[BANK0 ] unsigned char 
  ou              4    0[BANK0 ] unsigned char 
  n               2   50[BANK0 ] int 
  e               2   48[BANK0 ] int 
  i               2   42[BANK0 ] int 
  w               2   31[BANK0 ] int 
  p               2   28[BANK0 ] int 
  sign            2   26[BANK0 ] int 
  d               2   24[BANK0 ] int 
  ne              2   22[BANK0 ] int 
  m               2   20[BANK0 ] int 
  pp              2   18[BANK0 ] int 
  t               2   16[BANK0 ] int 
  mode            1   33[BANK0 ] unsigned char 
  nmode           1   30[BANK0 ] unsigned char 
 Return value:  Size  Location     Type
                  2   87[COMRAM] int 
 Registers used:
		wreg, fsr1l, fsr1h, fsr2l, fsr2h, status,2, status,0, tblptrl, tblptrh, tblptru, prodl, prodh, cstack
 Tracked objects:
		On entry : 
		On exit  : 
		Unchanged: 
 Data sizes:     COMRAM   BANK0   BANK1   BANK2   BANK3   BANK4   BANK5
      Params:         7       0       0       0       0       0       0
      Locals:         0      56       0       0       0       0       0
      Temps:          5       0       0       0       0       0       0
      Totals:        12      56       0       0       0       0       0
Total ram usage:       68 bytes
 Hardware stack levels used:    1
 Hardware stack levels required when called:    6
 This function calls:
		___awdiv
		___awmod
		___fladd
		___fldiv
		___fleq
		___flge
		___flmul
		___flneg
		___flsub
		___fltol
		___fpclassifyf
		_floorf
		_isupper
		_pad
		_strcpy
		_tolower
 This function is called by:
		_vfpfcnvrt
 This function uses a non-reentrant model


 *************** function _tolower *****************
 Defined at:
		line 4 in file "C:\Program Files (x86)\Microchip\xc8\v2.05\pic\sources\c99\common\tolower.c"
 Parameters:    Size  Location     Type
  c               2    9[COMRAM] int 
 Auto vars:     Size  Location     Type
		None
 Return value:  Size  Location     Type
                  2    9[COMRAM] int 
 Registers used:
		wreg, status,2, status,0
 Tracked objects:
		On entry : 
		On exit  : 
		Unchanged: 
 Data sizes:     COMRAM   BANK0   BANK1   BANK2   BANK3   BANK4   BANK5
      Params:         2       0       0       0       0       0       0
      Locals:         2       0       0       0       0       0       0
      Temps:          4       0       0       0       0       0       0
      Totals:         8       0       0       0       0       0       0
Total ram usage:        8 bytes
 Hardware stack levels used:    1
 Hardware stack levels required when called:    3
 This function calls:
		_isupper
 This function is called by:
		_efgtoa
		_vfpfcnvrt
 This function uses a non-reentrant model


 *************** function _isupper *****************
 Defined at:
		line 5 in file "C:\Program Files (x86)\Microchip\xc8\v2.05\pic\sources\c99\common\isupper.c"
 Parameters:    Size  Location     Type
  c               2    3[COMRAM] int 
 Auto vars:     Size  Location     Type
		None
 Return value:  Size  Location     Type
                  2    3[COMRAM] int 
 Registers used:
		wreg, status,2, status,0
 Tracked objects:
		On entry : 
		On exit  : 
		Unchanged: 
 Data sizes:     COMRAM   BANK0   BANK1   BANK2   BANK3   BANK4   BANK5
      Params:         2       0       0       0       0       0       0
      Locals:         0       0       0       0       0       0       0
      Temps:          4       0       0       0       0       0       0
      Totals:         6       0       0       0       0       0       0
Total ram usage:        6 bytes
 Hardware stack levels used:    1
 Hardware stack levels required when called:    2
 This function calls:
		Nothing
 This function is called by:
		_efgtoa
		_vfpfcnvrt
		_tolower
 This function uses a non-reentrant model


 *************** function _strcpy *****************
 Defined at:
		line 7 in file "C:\Program Files (x86)\Microchip\xc8\v2.05\pic\sources\c99\common\strcpy.c"
 Parameters:    Size  Location     Type
  dest            2    3[COMRAM] PTR unsigned char 
		 -> dbuf(80), 
  src             2    5[COMRAM] PTR const unsigned char 
		 -> STR_8(4), STR_7(4), STR_4(4), STR_3(4), 
		 -> dbuf(80), 
 Auto vars:     Size  Location     Type
  d               2   11[COMRAM] PTR unsigned char 
		 -> dbuf(80), 
  s               2    9[COMRAM] PTR const unsigned char 
		 -> STR_8(4), STR_7(4), STR_4(4), STR_3(4), 
		 -> dbuf(80), 
 Return value:  Size  Location     Type
                  2    3[COMRAM] PTR unsigned char 
 Registers used:
		wreg, fsr1l, fsr1h, fsr2l, fsr2h, status,2, status,0, tblptrl, tblptrh, tblptru
 Tracked objects:
		On entry : 
		On exit  : 
		Unchanged: 
 Data sizes:     COMRAM   BANK0   BANK1   BANK2   BANK3   BANK4   BANK5
      Params:         4       0       0       0       0       0       0
      Locals:         4       0       0       0       0       0       0
      Temps:          2       0       0       0       0       0       0
      Totals:        10       0       0       0       0       0       0
Total ram usage:       10 bytes
 Hardware stack levels used:    1
 Hardware stack levels required when called:    2
 This function calls:
		Nothing
 This function is called by:
		_efgtoa
 This function uses a non-reentrant model


 *************** function _pad *****************
 Defined at:
		line 72 in file "C:\Program Files (x86)\Microchip\xc8\v2.05\pic\sources\c99\common\doprnt.c"
 Parameters:    Size  Location     Type
  fp              2   19[COMRAM] PTR struct _IO_FILE
		 -> sprintf@f(6), 
  buf             2   21[COMRAM] PTR unsigned char 
		 -> dbuf(80), 
  p               2   23[COMRAM] int 
 Auto vars:     Size  Location     Type
  w               2   28[COMRAM] int 
  i               2   26[COMRAM] int 
 Return value:  Size  Location     Type
                  2   19[COMRAM] int 
 Registers used:
		wreg, fsr1l, fsr1h, fsr2l, fsr2h, status,2, status,0, cstack
 Tracked objects:
		On entry : 
		On exit  : 
		Unchanged: 
 Data sizes:     COMRAM   BANK0   BANK1   BANK2   BANK3   BANK4   BANK5
      Params:         6       0       0       0       0       0       0
      Locals:         4       0       0       0       0       0       0
      Temps:          1       0       0       0       0       0       0
      Totals:        11       0       0       0       0       0       0
Total ram usage:       11 bytes
 Hardware stack levels used:    1
 Hardware stack levels required when called:    5
 This function calls:
		_fputc
		_fputs
		_strlen
 This function is called by:
		_efgtoa
		_utoa
 This function uses a non-reentrant model


 *************** function _strlen *****************
 Defined at:
		line 12 in file "C:\Program Files (x86)\Microchip\xc8\v2.05\pic\sources\c99\common\strlen.c"
 Parameters:    Size  Location     Type
  s               2    3[COMRAM] PTR const unsigned char 
		 -> dbuf(80), 
 Auto vars:     Size  Location     Type
  a               2    5[COMRAM] PTR const unsigned char 
		 -> dbuf(80), 
 Return value:  Size  Location     Type
                  2    3[COMRAM] unsigned int 
 Registers used:
		wreg, fsr2l, fsr2h, status,2, status,0
 Tracked objects:
		On entry : 
		On exit  : 
		Unchanged: 
 Data sizes:     COMRAM   BANK0   BANK1   BANK2   BANK3   BANK4   BANK5
      Params:         2       0       0       0       0       0       0
      Locals:         2       0       0       0       0       0       0
      Temps:          0       0       0       0       0       0       0
      Totals:         4       0       0       0       0       0       0
Total ram usage:        4 bytes
 Hardware stack levels used:    1
 Hardware stack levels required when called:    2
 This function calls:
		Nothing
 This function is called by:
		_pad
 This function uses a non-reentrant model


 *************** function _fputs *****************
 Defined at:
		line 8 in file "C:\Program Files (x86)\Microchip\xc8\v2.05\pic\sources\c99\common\nf_fputs.c"
 Parameters:    Size  Location     Type
  s               2   12[COMRAM] PTR const unsigned char 
		 -> dbuf(80), 
  fp              2   14[COMRAM] PTR struct _IO_FILE
		 -> sprintf@f(6), 
 Auto vars:     Size  Location     Type
  i               2   17[COMRAM] int 
  c               1   16[COMRAM] unsigned char 
 Return value:  Size  Location     Type
                  2   12[COMRAM] int 
 Registers used:
		wreg, fsr1l, fsr1h, fsr2l, fsr2h, status,2, status,0, cstack
 Tracked objects:
		On entry : 
		On exit  : 
		Unchanged: 
 Data sizes:     COMRAM   BANK0   BANK1   BANK2   BANK3   BANK4   BANK5
      Params:         4       0       0       0       0       0       0
      Locals:         3       0       0       0       0       0       0
      Temps:          0       0       0       0       0       0       0
      Totals:         7       0       0       0       0       0       0
Total ram usage:        7 bytes
 Hardware stack levels used:    1
 Hardware stack levels required when called:    4
 This function calls:
		_fputc
 This function is called by:
		_pad
 This function uses a non-reentrant model


 *************** function _fputc *****************
 Defined at:
		line 8 in file "C:\Program Files (x86)\Microchip\xc8\v2.05\pic\sources\c99\common\nf_fputc.c"
 Parameters:    Size  Location     Type
  c               2    3[COMRAM] int 
  fp              2    5[COMRAM] PTR struct _IO_FILE
		 -> sprintf@f(6), 
 Auto vars:     Size  Location     Type
		None
 Return value:  Size  Location     Type
                  2    3[COMRAM] int 
 Registers used:
		wreg, fsr1l, fsr1h, fsr2l, fsr2h, status,2, status,0, cstack
 Tracked objects:
		On entry : 
		On exit  : 
		Unchanged: 
 Data sizes:     COMRAM   BANK0   BANK1   BANK2   BANK3   BANK4   BANK5
      Params:         4       0       0       0       0       0       0
      Locals:         0       0       0       0       0       0       0
      Temps:          5       0       0       0       0       0       0
      Totals:         9       0       0       0       0       0       0
Total ram usage:        9 bytes
 Hardware stack levels used:    1
 Hardware stack levels required when called:    3
 This function calls:
		_putch
 This function is called by:
		_pad
		_vfpfcnvrt
		_fputs
 This function uses a non-reentrant model


 *************** function _putch *****************
 Defined at:
		line 7 in file "C:\Program Files (x86)\Microchip\xc8\v2.05\pic\sources\c99\common\putch.c"
 Parameters:    Size  Location     Type
  c               1    wreg     unsigned char 
 Auto vars:     Size  Location     Type
  c               1    0[COMRAM] unsigned char 
 Return value:  Size  Location     Type
                  1    wreg      void 
 Registers used:
		wreg
 Tracked objects:
		On entry : 
		On exit  : 
		Unchanged: 
 Data sizes:     COMRAM   BANK0   BANK1   BANK2   BANK3   BANK4   BANK5
      Params:         0       0       0       0       0       0       0
      Locals:         0       0       0       0       0       0       0
      Temps:          0       0       0       0       0       0       0
      Totals:         0       0       0       0       0       0       0
Total ram usage:        0 bytes
 Hardware stack levels used:    1
 Hardware stack levels required when called:    2
 This function calls:
		Nothing
 This function is called by:
		_fputc
 This function uses a non-reentrant model


 *************** function _floorf *****************
 Defined at:
		line 3 in file "C:\Program Files (x86)\Microchip\xc8\v2.05\pic\sources\c99\common\floorf.c"
 Parameters:    Size  Location     Type
  x               4   67[COMRAM] float 
 Auto vars:     Size  Location     Type
  u               4   83[COMRAM] struct .
  m               4   77[COMRAM] unsigned long 
  e               2   81[COMRAM] int 
 Return value:  Size  Location     Type
                  4   67[COMRAM] float 
 Registers used:
		wreg, status,2, status,0
 Tracked objects:
		On entry : 
		On exit  : 
		Unchanged: 
 Data sizes:     COMRAM   BANK0   BANK1   BANK2   BANK3   BANK4   BANK5
      Params:         4       0       0       0       0       0       0
      Locals:        10       0       0       0       0       0       0
      Temps:          6       0       0       0       0       0       0
      Totals:        20       0       0       0       0       0       0
Total ram usage:       20 bytes
 Hardware stack levels used:    1
 Hardware stack levels required when called:    2
 This function calls:
		Nothing
 This function is called by:
		_efgtoa
 This function uses a non-reentrant model


 *************** function ___fpclassifyf *****************
 Defined at:
		line 4 in file "C:\Program Files (x86)\Microchip\xc8\v2.05\pic\sources\c99\common\__fpclassifyf.c"
 Parameters:    Size  Location     Type
  x               4    3[COMRAM] float 
 Auto vars:     Size  Location     Type
  u               4   13[COMRAM] struct .
  e               2   11[COMRAM] int 
 Return value:  Size  Location     Type
                  2    3[COMRAM] int 
 Registers used:
		wreg, status,2, status,0
 Tracked objects:
		On entry : 
		On exit  : 
		Unchanged: 
 Data sizes:     COMRAM   BANK0   BANK1   BANK2   BANK3   BANK4   BANK5
      Params:         4       0       0       0       0       0       0
      Locals:         6       0       0       0       0       0       0
      Temps:          4       0       0       0       0       0       0
      Totals:        14       0       0       0       0       0       0
Total ram usage:       14 bytes
 Hardware stack levels used:    1
 Hardware stack levels required when called:    2
 This function calls:
		Nothing
 This function is called by:
		_efgtoa
 This function uses a non-reentrant model


 *************** function ___fltol *****************
 Defined at:
		line 43 in file "C:\Program Files (x86)\Microchip\xc8\v2.05\pic\sources\c99\common\fltol.c"
 Parameters:    Size  Location     Type
  f1              4    3[COMRAM] int 
 Auto vars:     Size  Location     Type
  exp1            1   12[COMRAM] unsigned char 
  sign1           1   11[COMRAM] unsigned char 
 Return value:  Size  Location     Type
                  4    3[COMRAM] long 
 Registers used:
		wreg, status,2, status,0
 Tracked objects:
		On entry : 
		On exit  : 
		Unchanged: 
 Data sizes:     COMRAM   BANK0   BANK1   BANK2   BANK3   BANK4   BANK5
      Params:         4       0       0       0       0       0       0
      Locals:         2       0       0       0       0       0       0
      Temps:          4       0       0       0       0       0       0
      Totals:        10       0       0       0       0       0       0
Total ram usage:       10 bytes
 Hardware stack levels used:    1
 Hardware stack levels required when called:    2
 This function calls:
		Nothing
 This function is called by:
		_efgtoa
 This function uses a non-reentrant model


 *************** function ___flsub *****************
 Defined at:
		line 245 in file "C:\Program Files (x86)\Microchip\xc8\v2.05\pic\sources\c99\common\sprcadd.c"
 Parameters:    Size  Location     Type
  b               4   42[COMRAM] long 
  a               4   46[COMRAM] long 
 Auto vars:     Size  Location     Type
		None
 Return value:  Size  Location     Type
                  4   42[COMRAM] long 
 Registers used:
		wreg, status,2, status,0, cstack
 Tracked objects:
		On entry : 
		On exit  : 
		Unchanged: 
 Data sizes:     COMRAM   BANK0   BANK1   BANK2   BANK3   BANK4   BANK5
      Params:         8       0       0       0       0       0       0
      Locals:         0       0       0       0       0       0       0
      Temps:          0       0       0       0       0       0       0
      Totals:         8       0       0       0       0       0       0
Total ram usage:        8 bytes
 Hardware stack levels used:    1
 Hardware stack levels required when called:    3
 This function calls:
		___fladd
 This function is called by:
		_efgtoa
 This function uses a non-reentrant model


 *************** function ___fladd *****************
 Defined at:
		line 10 in file "C:\Program Files (x86)\Microchip\xc8\v2.05\pic\sources\c99\common\sprcadd.c"
 Parameters:    Size  Location     Type
  b               4    3[COMRAM] long 
  a               4    7[COMRAM] long 
 Auto vars:     Size  Location     Type
  grs             1   18[COMRAM] unsigned char 
  bexp            1   17[COMRAM] unsigned char 
  aexp            1   16[COMRAM] unsigned char 
  signs           1   15[COMRAM] unsigned char 
 Return value:  Size  Location     Type
                  4    3[COMRAM] unsigned char 
 Registers used:
		wreg, status,2, status,0
 Tracked objects:
		On entry : 
		On exit  : 
		Unchanged: 
 Data sizes:     COMRAM   BANK0   BANK1   BANK2   BANK3   BANK4   BANK5
      Params:         8       0       0       0       0       0       0
      Locals:         4       0       0       0       0       0       0
      Temps:          4       0       0       0       0       0       0
      Totals:        16       0       0       0       0       0       0
Total ram usage:       16 bytes
 Hardware stack levels used:    1
 Hardware stack levels required when called:    2
 This function calls:
		Nothing
 This function is called by:
		_efgtoa
		___flsub
 This function uses a non-reentrant model


 *************** function ___flneg *****************
 Defined at:
		line 15 in file "C:\Program Files (x86)\Microchip\xc8\v2.05\pic\sources\c99\common\flneg.c"
 Parameters:    Size  Location     Type
  f1              4    3[COMRAM] unsigned char 
 Auto vars:     Size  Location     Type
		None
 Return value:  Size  Location     Type
                  4    3[COMRAM] unsigned char 
 Registers used:
		wreg, status,2, status,0
 Tracked objects:
		On entry : 
		On exit  : 
		Unchanged: 
 Data sizes:     COMRAM   BANK0   BANK1   BANK2   BANK3   BANK4   BANK5
      Params:         4       0       0       0       0       0       0
      Locals:         0       0       0       0       0       0       0
      Temps:          0       0       0       0       0       0       0
      Totals:         4       0       0       0       0       0       0
Total ram usage:        4 bytes
 Hardware stack levels used:    1
 Hardware stack levels required when called:    2
 This function calls:
		Nothing
 This function is called by:
		_efgtoa
 This function uses a non-reentrant model


 *************** function ___flmul *****************
 Defined at:
		line 8 in file "C:\Program Files (x86)\Microchip\xc8\v2.05\pic\sources\c99\common\sprcmul.c"
 Parameters:    Size  Location     Type
  b               4   17[COMRAM] unsigned char 
  a               4   21[COMRAM] unsigned char 
 Auto vars:     Size  Location     Type
  prod            4   36[COMRAM] struct .
  grs             4   31[COMRAM] unsigned long 
  temp            2   40[COMRAM] struct .
  bexp            1   35[COMRAM] unsigned char 
  aexp            1   30[COMRAM] unsigned char 
  sign            1   29[COMRAM] unsigned char 
 Return value:  Size  Location     Type
                  4   17[COMRAM] unsigned char 
 Registers used:
		wreg, status,2, status,0, prodl, prodh
 Tracked objects:
		On entry : 
		On exit  : 
		Unchanged: 
 Data sizes:     COMRAM   BANK0   BANK1   BANK2   BANK3   BANK4   BANK5
      Params:         8       0       0       0       0       0       0
      Locals:        13       0       0       0       0       0       0
      Temps:          4       0       0       0       0       0       0
      Totals:        25       0       0       0       0       0       0
Total ram usage:       25 bytes
 Hardware stack levels used:    1
 Hardware stack levels required when called:    2
 This function calls:
		Nothing
 This function is called by:
		_main
		_efgtoa
 This function uses a non-reentrant model


 *************** function ___flge *****************
 Defined at:
		line 4 in file "C:\Program Files (x86)\Microchip\xc8\v2.05\pic\sources\c99\common\flge.c"
 Parameters:    Size  Location     Type
  ff1             4   42[COMRAM] unsigned char 
  ff2             4   46[COMRAM] unsigned char 
 Auto vars:     Size  Location     Type
		None
 Return value:  Size  Location     Type
		None               void
 Registers used:
		wreg, status,2, status,0
 Tracked objects:
		On entry : 
		On exit  : 
		Unchanged: 
 Data sizes:     COMRAM   BANK0   BANK1   BANK2   BANK3   BANK4   BANK5
      Params:         8       0       0       0       0       0       0
[...]
  divisor         2    5[COMRAM] int 
 Auto vars:     Size  Location     Type
  quotient        2    9[COMRAM] int 
  sign            1    8[COMRAM] unsigned char 
  counter         1    7[COMRAM] unsigned char 
 Return value:  Size  Location     Type
                  2    3[COMRAM] int 
 Registers used:
		wreg, status,2, status,0
 Tracked objects:
		On entry : 
		On exit  : 
		Unchanged: 
 Data sizes:     COMRAM   BANK0   BANK1   BANK2   BANK3   BANK4   BANK5
      Params:         4       0       0       0       0       0       0
      Locals:         4       0       0       0       0       0       0
      Temps:          0       0       0       0       0       0       0
      Totals:         8       0       0       0       0       0       0
Total ram usage:        8 bytes
 Hardware stack levels used:    1
 Hardware stack levels required when called:    2
 This function calls:
		Nothing
 This function is called by:
		_efgtoa
 This function uses a non-reentrant model


 *************** function _atoi *****************
 Defined at:
		line 4 in file "C:\Program Files (x86)\Microchip\xc8\v2.05\pic\sources\c99\common\atoi.c"
 Parameters:    Size  Location     Type
  s               2   10[COMRAM] PTR const unsigned char 
		 -> STR_2(33), 
 Auto vars:     Size  Location     Type
  n               2   23[COMRAM] int 
  neg             2   16[COMRAM] int 
 Return value:  Size  Location     Type
                  2   10[COMRAM] int 
 Registers used:
		wreg, status,2, status,0, tblptrl, tblptrh, tblptru, prodl, prodh, cstack
 Tracked objects:
		On entry : 
		On exit  : 
		Unchanged: 
 Data sizes:     COMRAM   BANK0   BANK1   BANK2   BANK3   BANK4   BANK5
      Params:         2       0       0       0       0       0       0
      Locals:         9       0       0       0       0       0       0
      Temps:          4       0       0       0       0       0       0
      Totals:        15       0       0       0       0       0       0
Total ram usage:       15 bytes
 Hardware stack levels used:    1
 Hardware stack levels required when called:    3
 This function calls:
		___wmul
		_isdigit
		_isspace
 This function is called by:
		_vfpfcnvrt
 This function uses a non-reentrant model


 *************** function _isspace *****************
 Defined at:
		line 5 in file "C:\Program Files (x86)\Microchip\xc8\v2.05\pic\sources\c99\common\isspace.c"
 Parameters:    Size  Location     Type
  c               2    3[COMRAM] int 
 Auto vars:     Size  Location     Type
		None
 Return value:  Size  Location     Type
                  2    3[COMRAM] int 
 Registers used:
		wreg, status,2, status,0
 Tracked objects:
		On entry : 
		On exit  : 
		Unchanged: 
 Data sizes:     COMRAM   BANK0   BANK1   BANK2   BANK3   BANK4   BANK5
      Params:         2       0       0       0       0       0       0
      Locals:         1       0       0       0       0       0       0
      Temps:          4       0       0       0       0       0       0
      Totals:         7       0       0       0       0       0       0
Total ram usage:        7 bytes
 Hardware stack levels used:    1
 Hardware stack levels required when called:    2
 This function calls:
		Nothing
 This function is called by:
		_atoi
 This function uses a non-reentrant model


 *************** function _isdigit *****************
 Defined at:
		line 5 in file "C:\Program Files (x86)\Microchip\xc8\v2.05\pic\sources\c99\common\isdigit.c"
 Parameters:    Size  Location     Type
  c               2    3[COMRAM] int 
 Auto vars:     Size  Location     Type
		None
 Return value:  Size  Location     Type
                  2    3[COMRAM] int 
 Registers used:
		wreg, status,2, status,0
 Tracked objects:
		On entry : 
		On exit  : 
		Unchanged: 
 Data sizes:     COMRAM   BANK0   BANK1   BANK2   BANK3   BANK4   BANK5
      Params:         2       0       0       0       0       0       0
      Locals:         0       0       0       0       0       0       0
      Temps:          4       0       0       0       0       0       0
      Totals:         6       0       0       0       0       0       0
Total ram usage:        6 bytes
 Hardware stack levels used:    1
 Hardware stack levels required when called:    2
 This function calls:
		Nothing
 This function is called by:
		_vfpfcnvrt
		_atoi
 This function uses a non-reentrant model


 *************** function ___wmul *****************
 Defined at:
		line 15 in file "C:\Program Files (x86)\Microchip\xc8\v2.05\pic\sources\c99\common\Umul16.c"
 Parameters:    Size  Location     Type
  multiplier      2    3[COMRAM] unsigned int 
  multiplicand    2    5[COMRAM] unsigned int 
 Auto vars:     Size  Location     Type
  product         2    7[COMRAM] unsigned int 
 Return value:  Size  Location     Type
                  2    3[COMRAM] unsigned int 
 Registers used:
		wreg, status,2, status,0, prodl, prodh
 Tracked objects:
		On entry : 
		On exit  : 
		Unchanged: 
 Data sizes:     COMRAM   BANK0   BANK1   BANK2   BANK3   BANK4   BANK5
      Params:         4       0       0       0       0       0       0
      Locals:         2       0       0       0       0       0       0
      Temps:          0       0       0       0       0       0       0
      Totals:         6       0       0       0       0       0       0
Total ram usage:        6 bytes
 Hardware stack levels used:    1
 Hardware stack levels required when called:    2
 This function calls:
		Nothing
 This function is called by:
		_atoi
 This function uses a non-reentrant model


 *************** function _init_EUSART *****************
 Defined at:
		line 4 in file "../Bibliotecas/eusart.c"
 Parameters:    Size  Location     Type
		None
 Auto vars:     Size  Location     Type
		None
 Return value:  Size  Location     Type
                  1    wreg      void 
 Registers used:
		wreg, status,2
 Tracked objects:
		On entry : 
		On exit  : 
		Unchanged: 
 Data sizes:     COMRAM   BANK0   BANK1   BANK2   BANK3   BANK4   BANK5
      Params:         0       0       0       0       0       0       0
      Locals:         0       0       0       0       0       0       0
      Temps:          0       0       0       0       0       0       0
      Totals:         0       0       0       0       0       0       0
Total ram usage:        0 bytes
 Hardware stack levels used:    1
 Hardware stack levels required when called:    2
 This function calls:
		Nothing
 This function is called by:
		_main
 This function uses a non-reentrant model


 *************** function ___xxtofl *****************
 Defined at:
		line 10 in file "C:\Program Files (x86)\Microchip\xc8\v2.05\pic\sources\c99\common\xxtofl.c"
 Parameters:    Size  Location     Type
  sign            1    wreg     unsigned char 
  val             4    3[COMRAM] long 
 Auto vars:     Size  Location     Type
  sign            1   11[COMRAM] unsigned char 
  arg             4   13[COMRAM] unsigned long 
  exp             1   12[COMRAM] unsigned char 
 Return value:  Size  Location     Type
                  4    3[COMRAM] unsigned char 
 Registers used:
		wreg, status,2, status,0
 Tracked objects:
		On entry : 
		On exit  : 
		Unchanged: 
 Data sizes:     COMRAM   BANK0   BANK1   BANK2   BANK3   BANK4   BANK5
      Params:         4       0       0       0       0       0       0
      Locals:         6       0       0       0       0       0       0
      Temps:          4       0       0       0       0       0       0
      Totals:        14       0       0       0       0       0       0
Total ram usage:       14 bytes
 Hardware stack levels used:    1
 Hardware stack levels required when called:    2
 This function calls:
		Nothing
 This function is called by:
		_main
 This function uses a non-reentrant model


 *************** function ___lmul *****************
 Defined at:
		line 15 in file "C:\Program Files (x86)\Microchip\xc8\v2.05\pic\sources\c99\common\Umul32.c"
 Parameters:    Size  Location     Type
  multiplier      4    3[COMRAM] unsigned long 
  multiplicand    4    7[COMRAM] unsigned long 
 Auto vars:     Size  Location     Type
  product         4   11[COMRAM] unsigned long 
 Return value:  Size  Location     Type
                  4    3[COMRAM] unsigned long 
 Registers used:
		wreg, status,2, status,0
 Tracked objects:
		On entry : 
		On exit  : 
		Unchanged: 
 Data sizes:     COMRAM   BANK0   BANK1   BANK2   BANK3   BANK4   BANK5
      Params:         8       0       0       0       0       0       0
      Locals:         4       0       0       0       0       0       0
      Temps:          0       0       0       0       0       0       0
      Totals:        12       0       0       0       0       0       0
Total ram usage:       12 bytes
 Hardware stack levels used:    1
 Hardware stack levels required when called:    2
 This function calls:
		Nothing
 This function is called by:
		_main
 This function uses a non-reentrant model


 *************** function ___aldiv *****************
 Defined at:
		line 7 in file "C:\Program Files (x86)\Microchip\xc8\v2.05\pic\sources\c99\common\aldiv.c"
 Parameters:    Size  Location     Type
  dividend        4   15[COMRAM] long 
  divisor         4   19[COMRAM] long 
 Auto vars:     Size  Location     Type
  quotient        4   25[COMRAM] long 
  sign            1   24[COMRAM] unsigned char 
  counter         1   23[COMRAM] unsigned char 
 Return value:  Size  Location     Type
                  4   15[COMRAM] long 
 Registers used:
		wreg, status,2, status,0
 Tracked objects:
		On entry : 
		On exit  : 
		Unchanged: 
 Data sizes:     COMRAM   BANK0   BANK1   BANK2   BANK3   BANK4   BANK5
      Params:         8       0       0       0       0       0       0
      Locals:         6       0       0       0       0       0       0
      Temps:          0       0       0       0       0       0       0
      Totals:        14       0       0       0       0       0       0
Total ram usage:       14 bytes
 Hardware stack levels used:    1
 Hardware stack levels required when called:    2
 This function calls:
		Nothing
 This function is called by:
		_main
 This function uses a non-reentrant model


 *************** function _trata_serial *****************
 Defined at:
		line 17 in file "EX24.c"
 Parameters:    Size  Location     Type
		None
 Auto vars:     Size  Location     Type
		None
 Return value:  Size  Location     Type
                  1    wreg      void 
 Registers used:
		wreg, fsr2l, fsr2h, status,2, status,0, cstack
 Tracked objects:
		On entry : 
		On exit  : 
		Unchanged: 
 Data sizes:     COMRAM   BANK0   BANK1   BANK2   BANK3   BANK4   BANK5
      Params:         0       0       0       0       0       0       0
      Locals:         0       0       0       0       0       0       0
      Temps:          3       0       0       0       0       0       0
      Totals:         3       0       0       0       0       0       0
Total ram usage:        3 bytes
 Hardware stack levels used:    1
 Hardware stack levels required when called:    1
 This function calls:
		_EUSART_le
 This function is called by:
		Interrupt level 2
 This function uses a non-reentrant model


 *************** function _EUSART_le *****************
 Defined at:
		line 35 in file "../Bibliotecas/eusart.c"
 Parameters:    Size  Location     Type
		None
 Auto vars:     Size  Location     Type
		None
 Return value:  Size  Location     Type
                  1    wreg      unsigned char 
 Registers used:
		wreg, status,2
 Tracked objects:
		On entry : 
		On exit  : 
		Unchanged: 
 Data sizes:     COMRAM   BANK0   BANK1   BANK2   BANK3   BANK4   BANK5
      Params:         0       0       0       0       0       0       0
      Locals:         0       0       0       0       0       0       0
      Temps:          0       0       0       0       0       0       0
      Totals:         0       0       0       0       0       0       0
Total ram usage:        0 bytes
 Hardware stack levels used:    1
 This function calls:
		Nothing
 This function is called by:
		_trata_serial
 This function uses a non-reentrant model



MODULE INFORMATION

Module		Function		Class		Link	Load	Size
C:\Program Files (x86)\Microchip\xc8\v2.05\pic\sources\c99\common\Umul32.c
		___lmul        		CODE           	3000	0000	87

C:\Program Files (x86)\Microchip\xc8\v2.05\pic\sources\c99\common\Umul32.c estimated size: 87

C:\Program Files (x86)\Microchip\xc8\v2.05\pic\sources\c99\common\awmod.c
		___awmod       		CODE           	2EE2	0000	113

C:\Program Files (x86)\Microchip\xc8\v2.05\pic\sources\c99\common\awmod.c estimated size: 113

C:\Program Files (x86)\Microchip\xc8\v2.05\pic\sources\c99\common\__fpclassifyf.c
		___fpclassifyf 		CODE           	2922	0000	205

C:\Program Files (x86)\Microchip\xc8\v2.05\pic\sources\c99\common\__fpclassifyf.c estimated size: 205

C:\Program Files (x86)\Microchip\xc8\v2.05\pic\sources\c99\common\putch.c
		_putch         		CODE           	3336	0000	3

C:\Program Files (x86)\Microchip\xc8\v2.05\pic\sources\c99\common\putch.c estimated size: 3

EX24.c
		_main          		CODE           	1EE0	0000	475
		_trata_serial  		CODE           	0008	0000	131

EX24.c estimated size: 606

C:\Program Files (x86)\Microchip\xc8\v2.05\pic\sources\c99\common\floorf.c
		_floorf        		CODE           	20BA	0000	439

C:\Program Files (x86)\Microchip\xc8\v2.05\pic\sources\c99\common\floorf.c estimated size: 439

C:\Program Files (x86)\Microchip\xc8\v2.05\pic\sources\c99\common\flge.c
		___flge        		CODE           	2784	0000	209

C:\Program Files (x86)\Microchip\xc8\v2.05\pic\sources\c99\common\flge.c estimated size: 209

C:\Program Files (x86)\Microchip\xc8\v2.05\pic\sources\c99\common\nf_fputc.c
		_fputc         		CODE           	2C22	0000	161

C:\Program Files (x86)\Microchip\xc8\v2.05\pic\sources\c99\common\nf_fputc.c estimated size: 161

C:\Program Files (x86)\Microchip\xc8\v2.05\pic\sources\c99\common\lodiv.c
		___lodiv       		CODE           	2854	0000	207

C:\Program Files (x86)\Microchip\xc8\v2.05\pic\sources\c99\common\lodiv.c estimated size: 207

C:\Program Files (x86)\Microchip\xc8\v2.05\pic\sources\c99\common\xxtofl.c
		___xxtofl      		CODE           	255E	0000	321

C:\Program Files (x86)\Microchip\xc8\v2.05\pic\sources\c99\common\xxtofl.c estimated size: 321

C:\Program Files (x86)\Microchip\xc8\v2.05\pic\sources\c99\common\isupper.c
		_isupper       		CODE           	3232	0000	49

C:\Program Files (x86)\Microchip\xc8\v2.05\pic\sources\c99\common\isupper.c estimated size: 49

C:\Program Files (x86)\Microchip\xc8\v2.05\pic\sources\c99\common\strlen.c
		_strlen        		CODE           	32C0	0000	43

C:\Program Files (x86)\Microchip\xc8\v2.05\pic\sources\c99\common\strlen.c estimated size: 43

C:\Program Files (x86)\Microchip\xc8\v2.05\pic\sources\c99\common\strcpy.c
		_strcpy        		CODE           	30A8	0000	83

C:\Program Files (x86)\Microchip\xc8\v2.05\pic\sources\c99\common\strcpy.c estimated size: 83

C:\Program Files (x86)\Microchip\xc8\v2.05\pic\sources\c99\common\isspace.c
		_isspace       		CODE           	318C	0000	63

C:\Program Files (x86)\Microchip\xc8\v2.05\pic\sources\c99\common\isspace.c estimated size: 63

C:\Program Files (x86)\Microchip\xc8\v2.05\pic\sources\c99\common\awdiv.c
		___awdiv       		CODE           	2DE2	0000	133

C:\Program Files (x86)\Microchip\xc8\v2.05\pic\sources\c99\common\awdiv.c estimated size: 133

C:\Program Files (x86)\Microchip\xc8\v2.05\pic\sources\c99\common\fltol.c
		___fltol       		CODE           	2ABA	0000	187

C:\Program Files (x86)\Microchip\xc8\v2.05\pic\sources\c99\common\fltol.c estimated size: 187

C:\Program Files (x86)\Microchip\xc8\v2.05\pic\sources\c99\common\aldiv.c
		___aldiv       		CODE           	29EE	0000	205

C:\Program Files (x86)\Microchip\xc8\v2.05\pic\sources\c99\common\aldiv.c estimated size: 205

../Bibliotecas/eusart.c
		_EUSART_le     		CODE           	332E	0000	9
		_escreve_EUSART		CODE           	3322	0000	13
		_string_EUSART 		CODE           	3056	0000	83
		_init_EUSART   		CODE           	3310	0000	19

../Bibliotecas/eusart.c estimated size: 124

C:\Program Files (x86)\Microchip\xc8\v2.05\pic\sources\c99\common\strncmp.c
		_strncmp       		CODE           	269E	0000	231

C:\Program Files (x86)\Microchip\xc8\v2.05\pic\sources\c99\common\strncmp.c estimated size: 231

C:\Program Files (x86)\Microchip\xc8\v2.05\pic\sources\c99\common\tolower.c
		_tolower       		CODE           	30FA	0000	77

C:\Program Files (x86)\Microchip\xc8\v2.05\pic\sources\c99\common\tolower.c estimated size: 77

C:\Program Files (x86)\Microchip\xc8\v2.05\pic\sources\c99\common\sprcmul.c
		___flmul       		CODE           	15FA	0000	851

C:\Program Files (x86)\Microchip\xc8\v2.05\pic\sources\c99\common\sprcmul.c estimated size: 851

C:\Program Files (x86)\Microchip\xc8\v2.05\pic\sources\c99\common\sprcdiv.c
		___fldiv       		CODE           	1C58	0000	649

C:\Program Files (x86)\Microchip\xc8\v2.05\pic\sources\c99\common\sprcdiv.c estimated size: 649

C:\Program Files (x86)\Microchip\xc8\v2.05\pic\sources\c99\common\doprnt.c
		_vfpfcnvrt     		CODE           	0FDA	0000	1569
		_efgtoa        		CODE           	065C	0000	2431
		_pad           		CODE           	2CC2	0000	151
		_vfprintf      		CODE           	2FAA	0000	87
		_utoa          		CODE           	2270	0000	431

C:\Program Files (x86)\Microchip\xc8\v2.05\pic\sources\c99\common\doprnt.c estimated size: 4669

shared
		__initialization		CODE           	3202	0000	35

shared estimated size: 35

C:\Program Files (x86)\Microchip\xc8\v2.05\pic\sources\c99\common\nf_sprintf.c
		_sprintf       		CODE           	2F52	0000	89

C:\Program Files (x86)\Microchip\xc8\v2.05\pic\sources\c99\common\nf_sprintf.c estimated size: 89

C:\Program Files (x86)\Microchip\xc8\v2.05\pic\sources\c99\common\Umul16.c
		___wmul        		CODE           	32EA	0000	39

C:\Program Files (x86)\Microchip\xc8\v2.05\pic\sources\c99\common\Umul16.c estimated size: 39

C:\Program Files (x86)\Microchip\xc8\v2.05\pic\sources\c99\common\atoi.c
		_atoi          		CODE           	241E	0000	321

C:\Program Files (x86)\Microchip\xc8\v2.05\pic\sources\c99\common\atoi.c estimated size: 321

C:\Program Files (x86)\Microchip\xc8\v2.05\pic\sources\c99\common\fleq.c
		___fleq        		CODE           	2D58	0000	139

C:\Program Files (x86)\Microchip\xc8\v2.05\pic\sources\c99\common\fleq.c estimated size: 139

C:\Program Files (x86)\Microchip\xc8\v2.05\pic\sources\c99\common\nf_fputs.c
		_fputs         		CODE           	31CA	0000	57

C:\Program Files (x86)\Microchip\xc8\v2.05\pic\sources\c99\common\nf_fputs.c estimated size: 57

C:\Program Files (x86)\Microchip\xc8\v2.05\pic\sources\c99\common\flneg.c
		___flneg       		CODE           	3292	0000	47

C:\Program Files (x86)\Microchip\xc8\v2.05\pic\sources\c99\common\flneg.c estimated size: 47

C:\Program Files (x86)\Microchip\xc8\v2.05\pic\sources\c99\common\isdigit.c
		_isdigit       		CODE           	3262	0000	49

C:\Program Files (x86)\Microchip\xc8\v2.05\pic\sources\c99\common\isdigit.c estimated size: 49

C:\Program Files (x86)\Microchip\xc8\v2.05\pic\sources\c99\common\sprcadd.c
		___flsub       		CODE           	3146	0000	71
		___fladd       		CODE           	194C	0000	781

C:\Program Files (x86)\Microchip\xc8\v2.05\pic\sources\c99\common\sprcadd.c estimated size: 852

C:\Program Files (x86)\Microchip\xc8\v2.05\pic\sources\c99\common\lomod.c
		___lomod       		CODE           	2B74	0000	175

C:\Program Files (x86)\Microchip\xc8\v2.05\pic\sources\c99\common\lomod.c estimated size: 175

